// Jest Snapshot v1, https://goo.gl/fbAQLP

exports[`Fo component should show transaction 1`] = `
<TransactionsWrapper>
  <form
    onSubmit={[Function]}
  >
    <Row>
      <Input
        name="value"
        onChange={[Function]}
        placeholder="Сумма"
        type="number"
        value=""
      />
      <Input
        name="date"
        onChange={[Function]}
        type="date"
        value="2023-09-01"
      />
    </Row>
    <Row>
      <Button>
         Зберегти 
      </Button>
      <Comment
        name="comment"
        onChange={[Function]}
        value=""
      />
    </Row>
  </form>
</TransactionsWrapper>
`;

exports[`Form component should show transaction 1`] = `
<TransactionsWrapper>
  <form
    onSubmit={[Function]}
  >
    <Row>
      <Input
        name="value"
        onChange={[Function]}
        placeholder="Сумма"
        type="number"
        value=""
      />
      <Input
        name="date"
        onChange={[Function]}
        type="date"
        value="2023-09-01"
      />
    </Row>
    <Row>
      <Button>
         Зберегти 
      </Button>
      <Comment
        name="comment"
        onChange={[Function]}
        value=""
      />
    </Row>
  </form>
</TransactionsWrapper>
`;

exports[`Transaction component should show transaction 1`] = `
<TransactionsWrapper>
  <form
    onSubmit={[Function]}
  >
    <Row>
      <Input
        name="value"
        onChange={[Function]}
        placeholder="Сумма"
        type="number"
        value=""
      />
      <Input
        name="date"
        onChange={[Function]}
        type="date"
        value="2023-09-01"
      />
    </Row>
    <Row>
      <Button>
         Зберегти 
      </Button>
      <Comment
        name="comment"
        onChange={[Function]}
        value=""
      />
    </Row>
  </form>
</TransactionsWrapper>
`;
